[INFO] [launch]: All log files can be found below /home/pirobot/.ros/log/2026-08-25-20-17-26-486582-pirobot-desktop-16010
[INFO] [launch]: Default logging verbosity is set to INFO
[INFO] [robot_state_publisher-1]: process started with pid [16015]
[INFO] [motor_driver-2]: process started with pid [16016]
[INFO] [velocity_controller-3]: process started with pid [16017]
[INFO] [wheel_state-4]: process started with pid [16018]
[INFO] [imu-5]: process started with pid [16019]
[INFO] [local_odometry-6]: process started with pid [16020]
[INFO] [slam_node-7]: process started with pid [16021]
[INFO] [path_planner-8]: process started with pid [16024]
[INFO] [path_follower-9]: process started with pid [16025]
[robot_state_publisher-1] [INFO] [1787703447.728774017] [robot_state_publisher]: Robot initialized
[imu-5] /home/pirobot/git/ros_pathfinder/.venv/lib/python3.12/site-packages/adafruit_blinka/microcontroller/generic_linux/i2c.py:30: RuntimeWarning: I2C frequency is not settable in python, ignoring!
[imu-5]   warnings.warn(
[path_planner-8] [INFO] [1787703451.914690362] [path_planner]: planning mode: explore
[path_planner-8] [WARN] [1787703453.521816088] [path_planner]: cannot obtain planning start pose: "map" passed to lookupTransform argument target_frame does not exist. 
[slam_node-7] [INFO] [1787703453.654462350] [slam_node]: slam_diag status=initialized odom=(0.000,0.000,0.0deg) initial_guess=none icp_result=none icp_correction=none chosen_delta=(0.000,0.000,0.0deg) map_to_odom=(0.000,0.000,0.0deg) map_to_base=(0.000,0.000,0.0deg) icp=none
[path_planner-8] [WARN] [1787703453.853172762] [path_planner]: cannot obtain planning start pose: "map" passed to lookupTransform argument target_frame does not exist. 
[slam_node-7] [INFO] [1787703453.957985393] [slam_node]: slam_diag status=stationary odom=(0.000,0.000,0.0deg) initial_guess=none icp_result=none icp_correction=none chosen_delta=(0.000,-0.000,0.0deg) map_to_odom=(-0.000,-0.000,0.0deg) map_to_base=(0.000,0.000,0.0deg) icp=none
[slam_node-7] [INFO] [1787703454.230830972] [slam_node]: slam_diag status=stationary odom=(-0.000,-0.000,0.0deg) initial_guess=none icp_result=none icp_correction=none chosen_delta=(-0.000,0.000,0.0deg) map_to_odom=(-0.000,-0.000,0.0deg) map_to_base=(-0.000,-0.000,0.0deg) icp=none
[path_planner-8] [INFO] [1787703454.355285400] [path_planner]: frontier selection found no goal in 0.1 ms
[path_planner-8] [INFO] [1787703454.357991456] [path_planner]: exploration complete: no reachable frontiers remain
[slam_node-7] [INFO] [1787703454.534967069] [slam_node]: slam_diag status=stationary odom=(-0.000,-0.000,0.0deg) initial_guess=none icp_result=none icp_correction=none chosen_delta=(-0.000,0.000,0.0deg) map_to_odom=(-0.000,0.000,0.0deg) map_to_base=(-0.000,-0.000,0.0deg) icp=none
[slam_node-7] [INFO] [1787703454.833373333] [slam_node]: slam_diag status=stationary odom=(0.000,0.000,0.0deg) initial_guess=none icp_result=none icp_correction=none chosen_delta=(0.000,-0.000,0.0deg) map_to_odom=(-0.000,-0.000,0.0deg) map_to_base=(0.000,0.000,0.0deg) icp=none
[slam_node-7] [INFO] [1787703455.138741763] [slam_node]: slam_diag status=stationary odom=(0.000,0.000,0.0deg) initial_guess=none icp_result=none icp_correction=none chosen_delta=(0.000,-0.000,0.0deg) map_to_odom=(-0.000,-0.000,0.0deg) map_to_base=(0.000,0.000,0.0deg) icp=none
[slam_node-7] [INFO] [1787703455.435568896] [slam_node]: slam_diag status=stationary odom=(0.000,0.000,0.0deg) initial_guess=none icp_result=none icp_correction=none chosen_delta=(0.000,-0.000,-0.0deg) map_to_odom=(0.000,0.000,0.0deg) map_to_base=(0.000,0.000,0.0deg) icp=none
[slam_node-7] [INFO] [1787703455.736259825] [slam_node]: slam_diag status=stationary odom=(0.000,0.000,0.0deg) initial_guess=none icp_result=none icp_correction=none chosen_delta=(0.000,0.000,0.0deg) map_to_odom=(0.000,0.000,0.0deg) map_to_base=(0.000,0.000,0.0deg) icp=none
[slam_node-7] [INFO] [1787703456.028110717] [slam_node]: slam_diag status=stationary odom=(0.000,-0.000,0.0deg) initial_guess=none icp_result=none icp_correction=none chosen_delta=(-0.000,0.000,0.0deg) map_to_odom=(-0.000,-0.000,0.0deg) map_to_base=(0.000,-0.000,0.0deg) icp=none
[slam_node-7] [INFO] [1787703456.330287088] [slam_node]: slam_diag status=stationary odom=(0.000,0.000,0.0deg) initial_guess=none icp_result=none icp_correction=none chosen_delta=(0.000,-0.000,0.0deg) map_to_odom=(-0.000,-0.000,0.0deg) map_to_base=(0.000,0.000,0.0deg) icp=none
[slam_node-7] [INFO] [1787703456.629307349] [slam_node]: slam_diag status=stationary odom=(0.000,-0.000,0.0deg) initial_guess=none icp_result=none icp_correction=none chosen_delta=(-0.000,-0.000,0.0deg) map_to_odom=(0.000,-0.000,0.0deg) map_to_base=(0.000,-0.000,0.0deg) icp=none
[slam_node-7] [INFO] [1787703456.934845369] [slam_node]: slam_diag status=stationary odom=(0.000,0.000,0.0deg) initial_guess=none icp_result=none icp_correction=none chosen_delta=(0.000,-0.000,0.0deg) map_to_odom=(-0.000,-0.000,0.0deg) map_to_base=(0.000,0.000,0.0deg) icp=none
[slam_node-7] [INFO] [1787703457.231347795] [slam_node]: slam_diag status=stationary odom=(0.000,-0.000,0.0deg) initial_guess=none icp_result=none icp_correction=none chosen_delta=(-0.000,0.000,0.0deg) map_to_odom=(0.000,-0.000,0.0deg) map_to_base=(0.000,-0.000,0.0deg) icp=none
[slam_node-7] [INFO] [1787703457.531541387] [slam_node]: slam_diag status=stationary odom=(0.000,-0.000,0.0deg) initial_guess=none icp_result=none icp_correction=none chosen_delta=(-0.000,0.000,0.0deg) map_to_odom=(0.000,-0.000,0.0deg) map_to_base=(0.000,-0.000,0.0deg) icp=none
[slam_node-7] [INFO] [1787703457.835208775] [slam_node]: slam_diag status=stationary odom=(0.000,-0.000,0.0deg) initial_guess=none icp_result=none icp_correction=none chosen_delta=(-0.000,-0.000,0.0deg) map_to_odom=(0.000,-0.000,0.0deg) map_to_base=(0.000,-0.000,0.0deg) icp=none
[slam_node-7] [INFO] [1787703458.134234719] [slam_node]: slam_diag status=stationary odom=(0.000,-0.000,0.0deg) initial_guess=none icp_result=none icp_correction=none chosen_delta=(-0.000,0.000,0.0deg) map_to_odom=(0.000,-0.000,0.0deg) map_to_base=(0.000,-0.000,0.0deg) icp=none
[slam_node-7] [INFO] [1787703458.435720698] [slam_node]: slam_diag status=stationary odom=(0.000,-0.000,0.0deg) initial_guess=none icp_result=none icp_correction=none chosen_delta=(0.000,-0.000,0.0deg) map_to_odom=(0.000,-0.000,0.0deg) map_to_base=(0.000,-0.000,0.0deg) icp=none
[slam_node-7] [INFO] [1787703458.730529992] [slam_node]: slam_diag status=stationary odom=(0.000,-0.000,0.0deg) initial_guess=none icp_result=none icp_correction=none chosen_delta=(-0.000,-0.000,0.0deg) map_to_odom=(0.000,-0.000,0.0deg) map_to_base=(0.000,-0.000,0.0deg) icp=none
[slam_node-7] [INFO] [1787703459.028340064] [slam_node]: slam_diag status=stationary odom=(0.000,0.000,0.0deg) initial_guess=none icp_result=none icp_correction=none chosen_delta=(0.000,-0.000,0.0deg) map_to_odom=(0.000,-0.000,0.0deg) map_to_base=(0.000,0.000,0.0deg) icp=none
[slam_node-7] [INFO] [1787703459.333844579] [slam_node]: slam_diag status=stationary odom=(0.000,-0.000,0.0deg) initial_guess=none icp_result=none icp_correction=none chosen_delta=(0.000,-0.000,0.0deg) map_to_odom=(0.000,-0.000,0.0deg) map_to_base=(0.000,-0.000,0.0deg) icp=none
[slam_node-7] [INFO] [1787703459.647381371] [slam_node]: slam_diag status=stationary odom=(0.000,-0.000,0.0deg) initial_guess=none icp_result=none icp_correction=none chosen_delta=(-0.000,-0.000,0.0deg) map_to_odom=(0.000,-0.000,0.0deg) map_to_base=(0.000,-0.000,0.0deg) icp=none
[slam_node-7] [INFO] [1787703459.928801108] [slam_node]: slam_diag status=stationary odom=(0.000,-0.000,0.0deg) initial_guess=none icp_result=none icp_correction=none chosen_delta=(-0.000,0.000,0.0deg) map_to_odom=(0.000,-0.000,0.0deg) map_to_base=(0.000,-0.000,0.0deg) icp=none
[slam_node-7] [INFO] [1787703460.228251066] [slam_node]: slam_diag status=stationary odom=(0.000,-0.000,0.0deg) initial_guess=none icp_result=none icp_correction=none chosen_delta=(0.000,-0.000,0.0deg) map_to_odom=(0.000,-0.000,0.0deg) map_to_base=(0.000,-0.000,0.0deg) icp=none
[slam_node-7] [INFO] [1787703460.528990653] [slam_node]: slam_diag status=stationary odom=(0.000,-0.000,0.0deg) initial_guess=none icp_result=none icp_correction=none chosen_delta=(-0.000,-0.000,0.0deg) map_to_odom=(0.000,-0.000,0.0deg) map_to_base=(0.000,-0.000,0.0deg) icp=none
[slam_node-7] [INFO] [1787703460.826054926] [slam_node]: slam_diag status=stationary odom=(0.000,-0.000,0.0deg) initial_guess=none icp_result=none icp_correction=none chosen_delta=(-0.000,-0.000,0.0deg) map_to_odom=(0.000,-0.000,0.0deg) map_to_base=(0.000,-0.000,0.0deg) icp=none
[slam_node-7] [INFO] [1787703461.128485679] [slam_node]: slam_diag status=stationary odom=(0.000,0.000,0.0deg) initial_guess=none icp_result=none icp_correction=none chosen_delta=(0.000,-0.000,0.0deg) map_to_odom=(0.000,-0.000,0.0deg) map_to_base=(0.000,0.000,0.0deg) icp=none
[slam_node-7] [INFO] [1787703461.432241060] [slam_node]: slam_diag status=stationary odom=(0.000,-0.000,0.0deg) initial_guess=none icp_result=none icp_correction=none chosen_delta=(-0.000,0.000,-0.0deg) map_to_odom=(0.000,-0.000,0.0deg) map_to_base=(0.000,-0.000,0.0deg) icp=none
[slam_node-7] [INFO] [1787703461.751866830] [slam_node]: slam_diag status=stationary odom=(0.000,0.000,0.0deg) initial_guess=none icp_result=none icp_correction=none chosen_delta=(0.000,0.000,0.0deg) map_to_odom=(0.000,-0.000,0.0deg) map_to_base=(0.000,0.000,0.0deg) icp=none
[slam_node-7] [INFO] [1787703462.031279583] [slam_node]: slam_diag status=stationary odom=(0.000,0.000,-0.0deg) initial_guess=none icp_result=none icp_correction=none chosen_delta=(-0.000,0.000,-0.0deg) map_to_odom=(0.000,-0.000,0.0deg) map_to_base=(0.000,0.000,-0.0deg) icp=none
[slam_node-7] [INFO] [1787703462.329874833] [slam_node]: slam_diag status=stationary odom=(0.000,0.000,0.0deg) initial_guess=none icp_result=none icp_correction=none chosen_delta=(0.000,0.000,0.0deg) map_to_odom=(0.000,-0.000,0.0deg) map_to_base=(0.000,0.000,0.0deg) icp=none
[slam_node-7] [INFO] [1787703462.626931287] [slam_node]: slam_diag status=stationary odom=(0.000,-0.000,0.0deg) initial_guess=none icp_result=none icp_correction=none chosen_delta=(0.000,-0.000,0.0deg) map_to_odom=(0.000,-0.000,0.0deg) map_to_base=(0.000,-0.000,0.0deg) icp=none
[slam_node-7] [INFO] [1787703462.926048260] [slam_node]: slam_diag status=stationary odom=(0.000,-0.000,0.0deg) initial_guess=none icp_result=none icp_correction=none chosen_delta=(0.000,-0.000,0.0deg) map_to_odom=(0.000,-0.000,0.0deg) map_to_base=(0.000,-0.000,0.0deg) icp=none
[slam_node-7] [INFO] [1787703463.227726528] [slam_node]: slam_diag status=stationary odom=(0.000,-0.000,0.0deg) initial_guess=none icp_result=none icp_correction=none chosen_delta=(0.000,0.000,0.0deg) map_to_odom=(0.000,-0.000,0.0deg) map_to_base=(0.000,-0.000,0.0deg) icp=none
[slam_node-7] [INFO] [1787703463.524894110] [slam_node]: slam_diag status=stationary odom=(0.000,0.000,0.0deg) initial_guess=none icp_result=none icp_correction=none chosen_delta=(0.000,-0.000,0.0deg) map_to_odom=(0.000,-0.000,0.0deg) map_to_base=(0.000,0.000,0.0deg) icp=none
[slam_node-7] [INFO] [1787703463.823505155] [slam_node]: slam_diag status=stationary odom=(0.000,-0.000,0.0deg) initial_guess=none icp_result=none icp_correction=none chosen_delta=(0.000,-0.000,0.0deg) map_to_odom=(0.000,-0.000,0.0deg) map_to_base=(0.000,-0.000,0.0deg) icp=none
[slam_node-7] [INFO] [1787703464.127183070] [slam_node]: slam_diag status=stationary odom=(0.000,0.000,0.0deg) initial_guess=none icp_result=none icp_correction=none chosen_delta=(0.000,-0.000,-0.0deg) map_to_odom=(0.000,-0.000,0.0deg) map_to_base=(0.000,0.000,0.0deg) icp=none
[slam_node-7] [INFO] [1787703464.427574317] [slam_node]: slam_diag status=stationary odom=(-0.000,0.000,-0.0deg) initial_guess=none icp_result=none icp_correction=none chosen_delta=(-0.000,0.000,-0.0deg) map_to_odom=(0.000,-0.000,0.0deg) map_to_base=(-0.000,0.000,-0.0deg) icp=none
[slam_node-7] [INFO] [1787703464.721857286] [slam_node]: slam_diag status=stationary odom=(0.000,0.000,-0.0deg) initial_guess=none icp_result=none icp_correction=none chosen_delta=(-0.000,0.000,-0.0deg) map_to_odom=(0.000,-0.000,0.0deg) map_to_base=(0.000,0.000,-0.0deg) icp=none
[slam_node-7] [INFO] [1787703465.021174459] [slam_node]: slam_diag status=stationary odom=(0.000,-0.000,-0.0deg) initial_guess=none icp_result=none icp_correction=none chosen_delta=(0.000,0.000,0.0deg) map_to_odom=(0.000,-0.000,0.0deg) map_to_base=(0.000,-0.000,-0.0deg) icp=none
[slam_node-7] [INFO] [1787703465.321197371] [slam_node]: slam_diag status=stationary odom=(-0.000,0.000,-0.0deg) initial_guess=none icp_result=none icp_correction=none chosen_delta=(-0.000,-0.000,0.0deg) map_to_odom=(0.000,-0.000,0.0deg) map_to_base=(-0.000,0.000,-0.0deg) icp=none
[slam_node-7] [INFO] [1787703465.623002709] [slam_node]: slam_diag status=stationary odom=(-0.000,0.000,-0.0deg) initial_guess=none icp_result=none icp_correction=none chosen_delta=(0.000,0.000,0.0deg) map_to_odom=(0.000,-0.000,0.0deg) map_to_base=(-0.000,0.000,-0.0deg) icp=none
[slam_node-7] [INFO] [1787703465.922523640] [slam_node]: slam_diag status=stationary odom=(-0.000,0.000,-0.0deg) initial_guess=none icp_result=none icp_correction=none chosen_delta=(0.000,0.000,0.0deg) map_to_odom=(0.000,-0.000,0.0deg) map_to_base=(-0.000,0.000,-0.0deg) icp=none
[slam_node-7] [INFO] [1787703466.221616013] [slam_node]: slam_diag status=stationary odom=(-0.000,0.000,-0.0deg) initial_guess=none icp_result=none icp_correction=none chosen_delta=(0.000,0.000,0.0deg) map_to_odom=(0.000,-0.000,0.0deg) map_to_base=(-0.000,0.000,-0.0deg) icp=none
[slam_node-7] [INFO] [1787703466.516948850] [slam_node]: slam_diag status=stationary odom=(-0.000,0.000,-0.0deg) initial_guess=none icp_result=none icp_correction=none chosen_delta=(0.000,-0.000,0.0deg) map_to_odom=(0.000,-0.000,0.0deg) map_to_base=(-0.000,0.000,-0.0deg) icp=none
[slam_node-7] [INFO] [1787703466.828787093] [slam_node]: slam_diag status=stationary odom=(0.000,0.000,-0.0deg) initial_guess=none icp_result=none icp_correction=none chosen_delta=(0.000,-0.000,0.0deg) map_to_odom=(0.000,-0.000,0.0deg) map_to_base=(0.000,0.000,-0.0deg) icp=none
[slam_node-7] [INFO] [1787703467.122989633] [slam_node]: slam_diag status=stationary odom=(0.000,0.000,-0.0deg) initial_guess=none icp_result=none icp_correction=none chosen_delta=(0.000,0.000,0.0deg) map_to_odom=(0.000,-0.000,0.0deg) map_to_base=(0.000,0.000,-0.0deg) icp=none
[slam_node-7] [INFO] [1787703467.428578782] [slam_node]: slam_diag status=stationary odom=(0.000,0.000,-0.0deg) initial_guess=none icp_result=none icp_correction=none chosen_delta=(0.000,-0.000,0.0deg) map_to_odom=(0.000,-0.000,0.0deg) map_to_base=(0.000,0.000,-0.0deg) icp=none
[slam_node-7] [INFO] [1787703467.727359820] [slam_node]: slam_diag status=stationary odom=(-0.000,0.000,-0.0deg) initial_guess=none icp_result=none icp_correction=none chosen_delta=(0.000,-0.000,0.0deg) map_to_odom=(0.000,-0.000,0.0deg) map_to_base=(-0.000,0.000,-0.0deg) icp=none
[slam_node-7] [INFO] [1787703468.028645914] [slam_node]: slam_diag status=stationary odom=(-0.000,0.000,-0.0deg) initial_guess=none icp_result=none icp_correction=none chosen_delta=(0.000,-0.000,0.0deg) map_to_odom=(0.000,-0.000,0.0deg) map_to_base=(-0.000,0.000,-0.0deg) icp=none
[slam_node-7] [INFO] [1787703468.314087081] [slam_node]: slam_diag status=stationary odom=(-0.000,0.000,-0.0deg) initial_guess=none icp_result=none icp_correction=none chosen_delta=(0.000,-0.000,0.0deg) map_to_odom=(0.000,-0.000,0.0deg) map_to_base=(-0.000,0.000,-0.0deg) icp=none
[slam_node-7] [INFO] [1787703468.621605747] [slam_node]: slam_diag status=stationary odom=(0.000,0.000,-0.0deg) initial_guess=none icp_result=none icp_correction=none chosen_delta=(0.000,-0.000,0.0deg) map_to_odom=(0.000,-0.000,0.0deg) map_to_base=(0.000,0.000,-0.0deg) icp=none
[slam_node-7] [INFO] [1787703468.922581876] [slam_node]: slam_diag status=stationary odom=(0.000,0.000,0.0deg) initial_guess=none icp_result=none icp_correction=none chosen_delta=(0.000,-0.000,0.0deg) map_to_odom=(0.000,-0.000,0.0deg) map_to_base=(0.000,0.000,0.0deg) icp=none
[slam_node-7] [INFO] [1787703469.228173485] [slam_node]: slam_diag status=stationary odom=(0.000,-0.000,-0.0deg) initial_guess=none icp_result=none icp_correction=none chosen_delta=(0.000,0.000,0.0deg) map_to_odom=(0.000,-0.000,0.0deg) map_to_base=(0.000,-0.000,-0.0deg) icp=none
[slam_node-7] [INFO] [1787703469.528747631] [slam_node]: slam_diag status=stationary odom=(-0.000,-0.000,-0.0deg) initial_guess=none icp_result=none icp_correction=none chosen_delta=(-0.000,-0.000,-0.0deg) map_to_odom=(0.000,-0.000,0.0deg) map_to_base=(-0.000,-0.000,-0.0deg) icp=none
[slam_node-7] [INFO] [1787703469.825959130] [slam_node]: slam_diag status=stationary odom=(0.000,-0.000,-0.0deg) initial_guess=none icp_result=none icp_correction=none chosen_delta=(0.000,-0.000,0.0deg) map_to_odom=(0.000,-0.000,0.0deg) map_to_base=(0.000,-0.000,-0.0deg) icp=none
[path_planner-8] [WARN] [1787703470.064464354] [path_planner]: ignoring goal_pose because planning_mode is 'explore'
[slam_node-7] [INFO] [1787703470.120383479] [slam_node]: slam_diag status=stationary odom=(-0.000,-0.000,-0.0deg) initial_guess=none icp_result=none icp_correction=none chosen_delta=(0.000,0.000,0.0deg) map_to_odom=(0.000,-0.000,0.0deg) map_to_base=(-0.000,-0.000,-0.0deg) icp=none
[slam_node-7] [INFO] [1787703470.429630512] [slam_node]: slam_diag status=stationary odom=(-0.000,-0.000,-0.0deg) initial_guess=none icp_result=none icp_correction=none chosen_delta=(0.000,0.000,0.0deg) map_to_odom=(0.000,-0.000,0.0deg) map_to_base=(-0.000,-0.000,-0.0deg) icp=none
[slam_node-7] [INFO] [1787703470.717545472] [slam_node]: slam_diag status=stationary odom=(0.000,-0.000,-0.0deg) initial_guess=none icp_result=none icp_correction=none chosen_delta=(-0.000,0.000,0.0deg) map_to_odom=(0.000,-0.000,0.0deg) map_to_base=(0.000,-0.000,-0.0deg) icp=none
[slam_node-7] [INFO] [1787703471.017014209] [slam_node]: slam_diag status=stationary odom=(-0.000,-0.000,-0.0deg) initial_guess=none icp_result=none icp_correction=none chosen_delta=(-0.000,0.000,0.0deg) map_to_odom=(0.000,-0.000,0.0deg) map_to_base=(-0.000,-0.000,-0.0deg) icp=none
[slam_node-7] [INFO] [1787703471.315149889] [slam_node]: slam_diag status=stationary odom=(0.000,-0.000,-0.0deg) initial_guess=none icp_result=none icp_correction=none chosen_delta=(0.000,-0.000,0.0deg) map_to_odom=(0.000,-0.000,0.0deg) map_to_base=(0.000,-0.000,-0.0deg) icp=none
[slam_node-7] [INFO] [1787703471.620797161] [slam_node]: slam_diag status=stationary odom=(-0.000,-0.000,-0.0deg) initial_guess=none icp_result=none icp_correction=none chosen_delta=(-0.000,-0.000,-0.0deg) map_to_odom=(0.000,-0.000,0.0deg) map_to_base=(-0.000,-0.000,-0.0deg) icp=none
[slam_node-7] [INFO] [1787703471.920712582] [slam_node]: slam_diag status=stationary odom=(-0.000,-0.000,-0.0deg) initial_guess=none icp_result=none icp_correction=none chosen_delta=(0.000,0.000,0.0deg) map_to_odom=(0.000,-0.000,0.0deg) map_to_base=(-0.000,-0.000,-0.0deg) icp=none
[slam_node-7] [INFO] [1787703472.235386555] [slam_node]: slam_diag status=stationary odom=(-0.000,-0.000,-0.0deg) initial_guess=none icp_result=none icp_correction=none chosen_delta=(-0.000,0.000,-0.0deg) map_to_odom=(0.000,-0.000,0.0deg) map_to_base=(-0.000,-0.000,-0.0deg) icp=none
[slam_node-7] [INFO] [1787703472.523942957] [slam_node]: slam_diag status=stationary odom=(-0.000,-0.000,0.0deg) initial_guess=none icp_result=none icp_correction=none chosen_delta=(-0.000,0.000,0.0deg) map_to_odom=(0.000,-0.000,0.0deg) map_to_base=(-0.000,-0.000,0.0deg) icp=none
[slam_node-7] [INFO] [1787703472.818495136] [slam_node]: slam_diag status=stationary odom=(0.000,0.000,0.0deg) initial_guess=none icp_result=none icp_correction=none chosen_delta=(-0.000,0.000,0.0deg) map_to_odom=(0.000,-0.000,0.0deg) map_to_base=(0.000,0.000,0.0deg) icp=none
[slam_node-7] [INFO] [1787703473.119890683] [slam_node]: slam_diag status=stationary odom=(-0.000,-0.000,0.0deg) initial_guess=none icp_result=none icp_correction=none chosen_delta=(-0.000,0.000,0.0deg) map_to_odom=(0.000,-0.000,0.0deg) map_to_base=(-0.000,-0.000,0.0deg) icp=none
[slam_node-7] [INFO] [1787703473.436293358] [slam_node]: slam_diag status=stationary odom=(-0.000,-0.000,0.0deg) initial_guess=none icp_result=none icp_correction=none chosen_delta=(-0.000,0.000,0.0deg) map_to_odom=(0.000,-0.000,0.0deg) map_to_base=(-0.000,-0.000,0.0deg) icp=none
[slam_node-7] [INFO] [1787703473.719081129] [slam_node]: slam_diag status=stationary odom=(0.000,0.000,0.0deg) initial_guess=none icp_result=none icp_correction=none chosen_delta=(0.000,0.000,0.0deg) map_to_odom=(0.000,-0.000,0.0deg) map_to_base=(0.000,0.000,0.0deg) icp=none
[slam_node-7] [INFO] [1787703474.014536880] [slam_node]: slam_diag status=stationary odom=(0.000,-0.000,0.0deg) initial_guess=none icp_result=none icp_correction=none chosen_delta=(-0.000,0.000,0.0deg) map_to_odom=(0.000,-0.000,0.0deg) map_to_base=(0.000,-0.000,0.0deg) icp=none
[slam_node-7] [INFO] [1787703474.321533110] [slam_node]: slam_diag status=stationary odom=(0.000,-0.000,0.0deg) initial_guess=none icp_result=none icp_correction=none chosen_delta=(-0.000,0.000,0.0deg) map_to_odom=(0.000,-0.000,0.0deg) map_to_base=(0.000,-0.000,0.0deg) icp=none
[slam_node-7] [INFO] [1787703474.612023804] [slam_node]: slam_diag status=stationary odom=(0.000,-0.000,0.0deg) initial_guess=none icp_result=none icp_correction=none chosen_delta=(0.000,-0.000,0.0deg) map_to_odom=(-0.000,-0.000,0.0deg) map_to_base=(0.000,-0.000,0.0deg) icp=none
[slam_node-7] [INFO] [1787703474.914110720] [slam_node]: slam_diag status=stationary odom=(-0.000,-0.000,0.0deg) initial_guess=none icp_result=none icp_correction=none chosen_delta=(-0.000,0.000,0.0deg) map_to_odom=(-0.000,-0.000,0.0deg) map_to_base=(-0.000,-0.000,0.0deg) icp=none
[slam_node-7] [INFO] [1787703475.226453652] [slam_node]: slam_diag status=stationary odom=(0.000,-0.000,0.0deg) initial_guess=none icp_result=none icp_correction=none chosen_delta=(0.000,0.000,0.0deg) map_to_odom=(-0.000,-0.000,0.0deg) map_to_base=(0.000,-0.000,0.0deg) icp=none
[slam_node-7] [INFO] [1787703475.519435177] [slam_node]: slam_diag status=stationary odom=(-0.000,-0.000,0.0deg) initial_guess=none icp_result=none icp_correction=none chosen_delta=(-0.000,0.000,0.0deg) map_to_odom=(-0.000,-0.000,0.0deg) map_to_base=(-0.000,-0.000,0.0deg) icp=none
[slam_node-7] [INFO] [1787703475.820266814] [slam_node]: slam_diag status=stationary odom=(-0.000,-0.000,0.0deg) initial_guess=none icp_result=none icp_correction=none chosen_delta=(-0.000,-0.000,0.0deg) map_to_odom=(-0.000,-0.000,0.0deg) map_to_base=(-0.000,-0.000,0.0deg) icp=none
[slam_node-7] [INFO] [1787703476.134152892] [slam_node]: slam_diag status=stationary odom=(-0.000,0.000,0.0deg) initial_guess=none icp_result=none icp_correction=none chosen_delta=(-0.000,-0.000,0.0deg) map_to_odom=(-0.000,-0.000,0.0deg) map_to_base=(-0.000,0.000,0.0deg) icp=none
[slam_node-7] [INFO] [1787703476.408464622] [slam_node]: slam_diag status=stationary odom=(-0.000,0.000,0.0deg) initial_guess=none icp_result=none icp_correction=none chosen_delta=(-0.000,-0.000,0.0deg) map_to_odom=(-0.000,-0.000,0.0deg) map_to_base=(-0.000,0.000,0.0deg) icp=none
[slam_node-7] [INFO] [1787703476.709598497] [slam_node]: slam_diag status=stationary odom=(0.000,0.000,0.0deg) initial_guess=none icp_result=none icp_correction=none chosen_delta=(0.000,-0.000,-0.0deg) map_to_odom=(-0.000,-0.000,0.0deg) map_to_base=(0.000,0.000,0.0deg) icp=none
[slam_node-7] [INFO] [1787703477.018464020] [slam_node]: slam_diag status=stationary odom=(0.000,0.000,0.0deg) initial_guess=none icp_result=none icp_correction=none chosen_delta=(0.000,0.000,0.0deg) map_to_odom=(-0.000,-0.000,0.0deg) map_to_base=(0.000,0.000,0.0deg) icp=none
